// Jest Snapshot v1, https://goo.gl/fbAQLP

exports[`Sign up modal After filling form correctly, button gets enabled 1`] = `undefined`;

exports[`Sign up modal Button doesnt get enabled if mail is missing @ 1`] = `undefined`;

exports[`Sign up modal Button doesnt get enabled if mail is missing top-level domain name 1`] = `undefined`;

exports[`Sign up modal Button doesnt get enabled if passwords are different 1`] = `undefined`;

exports[`Sign up modal Button gets disabled when passwords are changed and dont match 1`] = `undefined`;

exports[`Sign up modal Pressing sign up button shows loading gif 1`] = `undefined`;

exports[`Sign up modal Renders with sign up button disabled 1`] = `undefined`;
